2025-10-21 15:18:28 [[31merror[39m] Database connection failed: SQLITE_BUSY: database is locked
2025-10-21 15:19:02 [[31merror[39m] Database connection failed: SQLITE_BUSY: database is locked
2025-10-21 16:51:39 [[31merror[39m] API request failed: https://app.ticketmaster.com/discovery/v2/events.json | Status: 401 | Message: Request failed with status code 401
2025-10-21 16:51:39 [[31merror[39m] API request failed: https://app.ticketmaster.com/discovery/v2/events.json | Status: 401 | Message: Request failed with status code 401
2025-10-21 17:00:09 [[31merror[39m] API request failed: https://app.ticketmaster.com/discovery/v2/events.json | Status: 401 | Message: Request failed with status code 401
2025-10-21 17:00:09 [[31merror[39m] API request failed: https://app.ticketmaster.com/discovery/v2/events.json | Status: 401 | Message: Request failed with status code 401
2025-10-21 17:07:41 [[31merror[39m] API request failed: https://app.ticketmaster.com/discovery/v2/events.json | Status: No status | Message: Ticketmaster API key missing from environment variables
2025-10-21 17:07:41 [[31merror[39m] API request failed: https://app.ticketmaster.com/discovery/v2/events.json | Status: No status | Message: Ticketmaster API key missing from environment variables
2025-10-21 17:07:48 [[31merror[39m] API request failed: https://app.ticketmaster.com/discovery/v2/events.json | Status: No status | Message: Ticketmaster API key missing from environment variables
2025-10-21 17:07:48 [[31merror[39m] API request failed: https://app.ticketmaster.com/discovery/v2/events.json | Status: No status | Message: Ticketmaster API key missing from environment variables
2025-10-22 16:56:35 [[31merror[39m] Cannot set headers after they are sent to the client
2025-10-22 16:56:35 [[31merror[39m] [GET] /api/recommendations?page=1&t=1761141394799 - Cannot set headers after they are sent to the client
2025-10-22 16:56:35 [[31merror[39m] Cannot set headers after they are sent to the client
2025-10-22 16:56:35 [[31merror[39m] [GET] /api/recommendations?page=1&t=1761141394802 - Cannot set headers after they are sent to the client
2025-10-22 17:10:30 [[31merror[39m] Cannot set headers after they are sent to the client
2025-10-22 17:10:30 [[31merror[39m] [GET] /api/recommendations?page=1&t=1761142230488 - Cannot set headers after they are sent to the client
2025-10-22 17:10:30 [[31merror[39m] Cannot set headers after they are sent to the client
2025-10-22 17:10:30 [[31merror[39m] [GET] /api/recommendations?page=1&t=1761142230492 - Cannot set headers after they are sent to the client
2025-10-22 17:10:43 [[31merror[39m] Cannot set headers after they are sent to the client
2025-10-22 17:10:43 [[31merror[39m] [GET] /api/recommendations?page=1&t=1761142243555 - Cannot set headers after they are sent to the client
2025-10-22 17:10:55 [[31merror[39m] Cannot set headers after they are sent to the client
2025-10-22 17:10:55 [[31merror[39m] [GET] /api/recommendations?page=2&t=1761142255262 - Cannot set headers after they are sent to the client
2025-10-22 17:10:57 [[31merror[39m] Cannot set headers after they are sent to the client
2025-10-22 17:10:57 [[31merror[39m] [GET] /api/recommendations?page=3&t=1761142257243 - Cannot set headers after they are sent to the client
2025-10-22 17:10:58 [[31merror[39m] Cannot set headers after they are sent to the client
2025-10-22 17:10:58 [[31merror[39m] [GET] /api/recommendations?page=4&t=1761142258158 - Cannot set headers after they are sent to the client
2025-10-24 18:01:41 [[31merror[39m] API request failed: https://app.ticketmaster.com/discovery/v2/events.json | Status: undefined | Message: timeout of 10000ms exceeded
2025-10-24 18:01:41 [[31merror[39m] API request failed: https://app.ticketmaster.com/discovery/v2/events.json | Status: No status | Message: timeout of 10000ms exceeded
2025-10-30 22:32:54 [[31merror[39m] Database connection failed: SQLITE_CONSTRAINT: FOREIGN KEY constraint failed
2025-10-30 22:33:17 [[31merror[39m] Database connection failed: Validation error
2025-10-30 22:34:13 [[31merror[39m] Database connection failed: Validation error
2025-10-30 22:35:29 [[31merror[39m] Database connection failed: Validation error
2025-10-30 22:36:50 [[31merror[39m] Database connection failed: Validation error
2025-10-30 22:38:38 [[31merror[39m] Database connection failed: Validation error
2025-10-30 22:45:03 [[31merror[39m] Database connection failed: Validation error
2025-10-30 22:46:12 [[31merror[39m] Database connection failed:
2025-10-30 23:11:43 [[31merror[39m] Database connection failed:
2025-10-30 23:12:27 [[31merror[39m] Database connection failed:
2025-10-30 23:19:30 [[31merror[39m] Database connection failed:
2025-11-01 18:23:48 [[31merror[39m] Cannot set headers after they are sent to the client
2025-11-01 18:23:48 [[31merror[39m] [DELETE] /api/favorites/deleteEv/Good%20Health%20Good%20Wealth - Cannot set headers after they are sent to the client
2025-11-01 18:25:36 [[31merror[39m] Cannot set headers after they are sent to the client
2025-11-01 18:25:36 [[31merror[39m] [DELETE] /api/favorites/deleteEv/Good%20Health%20Good%20Wealth - Cannot set headers after they are sent to the client
